c[ info ] starting HTTP server...
╭─────────────────────────────────────────────────╮
│                                                 │
│    Server address: http://localhost:3335        │
│    Watch Mode: None                             │
│    Ready in: 968 ms                             │
│                                                 │
╰─────────────────────────────────────────────────╯
[03:42:47.928] [32mINFO[39m (32828): [36mstarted HTTP server on localhost:3335[39m
[03:43:02.936] [33mWARN[39m (32828): [36mInvalid or expired CSRF token[39m
    [35mrequest_id[39m: "tidfidcvz60quns2tx5lheop"
    [35mx-request-id[39m: "tidfidcvz60quns2tx5lheop"
[03:43:45.555] [33mWARN[39m (32828): [36mInvalid or expired CSRF token[39m
    [35mrequest_id[39m: "e0gr5uqdpfgavvgdt6grvqhv"
    [35mx-request-id[39m: "e0gr5uqdpfgavvgdt6grvqhv"
[2m3:48:49 am[22m [36m[1m[vite][22m[39m [90m[2m(client)[22m[39m [32mhmr update [39m[2m/resources/css/app.css[22m
[2m4:34:32 am[22m [36m[1m[vite][22m[39m [90m[2m(client)[22m[39m [32mhmr update [39m[2m/resources/css/app.css[22m
[2m4:34:35 am[22m [36m[1m[vite][22m[39m [90m[2m(client)[22m[39m [32mhmr update [39m[2m/resources/css/app.css[22m
[2m4:34:37 am[22m [36m[1m[vite][22m[39m [90m[2m(client)[22m[39m [32mhmr update [39m[2m/resources/css/app.css[22m
[2m4:34:48 am[22m [36m[1m[vite][22m[39m [90m[2m(client)[22m[39m [32mhmr update [39m[2m/resources/css/app.css[22m
[2m4:34:51 am[22m [36m[1m[vite][22m[39m [90m[2m(client)[22m[39m [32mhmr update [39m[2m/resources/css/app.css[22m
[2m4:34:54 am[22m [36m[1m[vite][22m[39m [90m[2m(client)[22m[39m [32mhmr update [39m[2m/resources/css/app.css[22m
[2m4:34:56 am[22m [36m[1m[vite][22m[39m [90m[2m(client)[22m[39m [32mhmr update [39m[2m/resources/css/app.css[22m
[2m4:35:02 am[22m [36m[1m[vite][22m[39m [90m[2m(client)[22m[39m [32mhmr update [39m[2m/resources/css/app.css[22m
[2m4:35:04 am[22m [36m[1m[vite][22m[39m [90m[2m(client)[22m[39m [32mhmr update [39m[2m/resources/css/app.css[22m
[2m4:35:06 am[22m [36m[1m[vite][22m[39m [90m[2m(client)[22m[39m [32mhmr update [39m[2m/resources/css/app.css[22m
[2m4:35:09 am[22m [36m[1m[vite][22m[39m [90m[2m(client)[22m[39m [32mhmr update [39m[2m/resources/css/app.css[22m
[2m4:35:12 am[22m [36m[1m[vite][22m[39m [90m[2m(client)[22m[39m [32mhmr update [39m[2m/resources/css/app.css[22m
[2m4:35:17 am[22m [36m[1m[vite][22m[39m [90m[2m(client)[22m[39m [32mhmr update [39m[2m/resources/css/app.css[22m
[2m4:39:41 am[22m [36m[1m[vite][22m[39m [90m[2m(client)[22m[39m [32mhmr update [39m[2m/resources/css/app.css[22m
[2m4:39:48 am[22m [36m[1m[vite][22m[39m [90m[2m(client)[22m[39m [32mhmr update [39m[2m/resources/css/app.css[22m
[2m4:39:53 am[22m [36m[1m[vite][22m[39m [90m[2m(client)[22m[39m [32mhmr update [39m[2m/resources/css/app.css[22m
[2m4:39:56 am[22m [36m[1m[vite][22m[39m [90m[2m(client)[22m[39m [32mhmr update [39m[2m/resources/css/app.css[22m
[2m4:40:24 am[22m [36m[1m[vite][22m[39m [90m[2m(client)[22m[39m [32mhmr update [39m[2m/resources/css/app.css[22m
[2m4:40:28 am[22m [36m[1m[vite][22m[39m [90m[2m(client)[22m[39m [32mhmr update [39m[2m/resources/css/app.css[22m
[2m4:40:30 am[22m [36m[1m[vite][22m[39m [90m[2m(client)[22m[39m [32mhmr update [39m[2m/resources/css/app.css[22m
[2m4:40:45 am[22m [36m[1m[vite][22m[39m [90m[2m(client)[22m[39m [32mhmr update [39m[2m/resources/css/app.css[22m
[2m4:40:48 am[22m [36m[1m[vite][22m[39m [90m[2m(client)[22m[39m [32mhmr update [39m[2m/resources/css/app.css[22m
[2m4:40:50 am[22m [36m[1m[vite][22m[39m [90m[2m(client)[22m[39m [32mhmr update [39m[2m/resources/css/app.css[22m
[2m4:40:53 am[22m [36m[1m[vite][22m[39m [90m[2m(client)[22m[39m [32mhmr update [39m[2m/resources/css/app.css[22m
[2m4:40:55 am[22m [36m[1m[vite][22m[39m [90m[2m(client)[22m[39m [32mhmr update [39m[2m/resources/css/app.css[22m
[2m4:40:57 am[22m [36m[1m[vite][22m[39m [90m[2m(client)[22m[39m [32mhmr update [39m[2m/resources/css/app.css[22m
[2m4:41:00 am[22m [36m[1m[vite][22m[39m [90m[2m(client)[22m[39m [32mhmr update [39m[2m/resources/css/app.css[22m
[2m4:41:02 am[22m [36m[1m[vite][22m[39m [90m[2m(client)[22m[39m [32mhmr update [39m[2m/resources/css/app.css[22m
[2m4:41:04 am[22m [36m[1m[vite][22m[39m [90m[2m(client)[22m[39m [32mhmr update [39m[2m/resources/css/app.css[22m
[2m4:41:08 am[22m [36m[1m[vite][22m[39m [90m[2m(client)[22m[39m [32mhmr update [39m[2m/resources/css/app.css[22m
[2m4:41:11 am[22m [36m[1m[vite][22m[39m [90m[2m(client)[22m[39m [32mhmr update [39m[2m/resources/css/app.css[22m
[2m4:41:18 am[22m [36m[1m[vite][22m[39m [90m[2m(client)[22m[39m [32mhmr update [39m[2m/resources/css/app.css[22m
[2m4:41:20 am[22m [36m[1m[vite][22m[39m [90m[2m(client)[22m[39m [32mhmr update [39m[2m/resources/css/app.css[22m
[2m5:10:22 am[22m [36m[1m[vite][22m[39m [90m[2m(client)[22m[39m [32mhmr update [39m[2m/resources/css/app.css[22m
[2m5:10:49 am[22m [36m[1m[vite][22m[39m [90m[2m(client)[22m[39m [32mhmr update [39m[2m/resources/css/app.css[22m
[2m5:11:00 am[22m [36m[1m[vite][22m[39m [90m[2m(client)[22m[39m [32mhmr update [39m[2m/resources/css/app.css[22m
[2m5:11:49 am[22m [36m[1m[vite][22m[39m [90m[2m(client)[22m[39m [32mhmr update [39m[2m/resources/css/app.css[22m
[2m5:11:53 am[22m [36m[1m[vite][22m[39m [90m[2m(client)[22m[39m [32mhmr update [39m[2m/resources/css/app.css[22m
[2m5:22:30 am[22m [36m[1m[vite][22m[39m [90m[2m(client)[22m[39m [32mhmr update [39m[2m/resources/css/app.css[22m
[2m5:22:33 am[22m [36m[1m[vite][22m[39m [90m[2m(client)[22m[39m [32mhmr update [39m[2m/resources/css/app.css[22m
[2m5:22:34 am[22m [36m[1m[vite][22m[39m [90m[2m(client)[22m[39m [32mhmr update [39m[2m/resources/css/app.css[22m
[2m5:22:36 am[22m [36m[1m[vite][22m[39m [90m[2m(client)[22m[39m [32mhmr update [39m[2m/resources/css/app.css[22m
[2m5:22:38 am[22m [36m[1m[vite][22m[39m [90m[2m(client)[22m[39m [32mhmr update [39m[2m/resources/css/app.css[22m
[2m5:22:39 am[22m [36m[1m[vite][22m[39m [90m[2m(client)[22m[39m [32mhmr update [39m[2m/resources/css/app.css[22m
[2m5:22:42 am[22m [36m[1m[vite][22m[39m [90m[2m(client)[22m[39m [32mhmr update [39m[2m/resources/css/app.css[22m
[2m5:22:44 am[22m [36m[1m[vite][22m[39m [90m[2m(client)[22m[39m [32mhmr update [39m[2m/resources/css/app.css[22m
[2m5:22:47 am[22m [36m[1m[vite][22m[39m [90m[2m(client)[22m[39m [32mhmr update [39m[2m/resources/css/app.css[22m
[2m5:22:49 am[22m [36m[1m[vite][22m[39m [90m[2m(client)[22m[39m [32mhmr update [39m[2m/resources/css/app.css[22m
[2m5:22:52 am[22m [36m[1m[vite][22m[39m [90m[2m(client)[22m[39m [32mhmr update [39m[2m/resources/css/app.css[22m
[2m5:22:54 am[22m [36m[1m[vite][22m[39m [90m[2m(client)[22m[39m [32mhmr update [39m[2m/resources/css/app.css[22m
[2m5:22:59 am[22m [36m[1m[vite][22m[39m [90m[2m(client)[22m[39m [32mhmr update [39m[2m/resources/css/app.css[22m
[2m5:23:00 am[22m [36m[1m[vite][22m[39m [90m[2m(client)[22m[39m [32mhmr update [39m[2m/resources/css/app.css[22m
[2m5:23:02 am[22m [36m[1m[vite][22m[39m [90m[2m(client)[22m[39m [32mhmr update [39m[2m/resources/css/app.css[22m
[2m5:23:13 am[22m [36m[1m[vite][22m[39m [90m[2m(client)[22m[39m [32mhmr update [39m[2m/resources/css/app.css[22m
[2m5:23:14 am[22m [36m[1m[vite][22m[39m [90m[2m(client)[22m[39m [32mhmr update [39m[2m/resources/css/app.css[22m
[2m5:23:24 am[22m [36m[1m[vite][22m[39m [90m[2m(client)[22m[39m [32mhmr update [39m[2m/resources/css/app.css[22m
[2m5:23:25 am[22m [36m[1m[vite][22m[39m [90m[2m(client)[22m[39m [32mhmr update [39m[2m/resources/css/app.css[22m
[2m5:23:27 am[22m [36m[1m[vite][22m[39m [90m[2m(client)[22m[39m [32mhmr update [39m[2m/resources/css/app.css[22m
[2m5:23:30 am[22m [36m[1m[vite][22m[39m [90m[2m(client)[22m[39m [32mhmr update [39m[2m/resources/css/app.css[22m
[2m5:23:32 am[22m [36m[1m[vite][22m[39m [90m[2m(client)[22m[39m [32mhmr update [39m[2m/resources/css/app.css[22m
[2m5:23:37 am[22m [36m[1m[vite][22m[39m [90m[2m(client)[22m[39m [32mhmr update [39m[2m/resources/css/app.css[22m
[2m5:23:39 am[22m [36m[1m[vite][22m[39m [90m[2m(client)[22m[39m [32mhmr update [39m[2m/resources/css/app.css[22m
[2m5:24:23 am[22m [36m[1m[vite][22m[39m [90m[2m(client)[22m[39m [32mhmr update [39m[2m/resources/css/app.css[22m
[2m5:24:37 am[22m [36m[1m[vite][22m[39m [90m[2m(client)[22m[39m [32mhmr update [39m[2m/resources/css/app.css[22m
[2m5:43:18 am[22m [36m[1m[vite][22m[39m [90m[2m(client)[22m[39m [32mhmr update [39m[2m/resources/css/app.css[22m
[2m5:43:20 am[22m [36m[1m[vite][22m[39m [90m[2m(client)[22m[39m [32mhmr update [39m[2m/resources/css/app.css[22m
[2m5:43:25 am[22m [36m[1m[vite][22m[39m [90m[2m(client)[22m[39m [32mhmr update [39m[2m/resources/css/app.css[22m
[2m5:43:30 am[22m [36m[1m[vite][22m[39m [90m[2m(client)[22m[39m [32mhmr update [39m[2m/resources/css/app.css[22m
[2m5:43:35 am[22m [36m[1m[vite][22m[39m [90m[2m(client)[22m[39m [32mhmr update [39m[2m/resources/css/app.css[22m
[2m5:43:38 am[22m [36m[1m[vite][22m[39m [90m[2m(client)[22m[39m [32mhmr update [39m[2m/resources/css/app.css[22m
[2m5:43:41 am[22m [36m[1m[vite][22m[39m [90m[2m(client)[22m[39m [32mhmr update [39m[2m/resources/css/app.css[22m
[2m5:43:44 am[22m [36m[1m[vite][22m[39m [90m[2m(client)[22m[39m [32mhmr update [39m[2m/resources/css/app.css[22m
[2m5:43:48 am[22m [36m[1m[vite][22m[39m [90m[2m(client)[22m[39m [32mhmr update [39m[2m/resources/css/app.css[22m
[2m5:43:51 am[22m [36m[1m[vite][22m[39m [90m[2m(client)[22m[39m [32mhmr update [39m[2m/resources/css/app.css[22m
[2m5:43:53 am[22m [36m[1m[vite][22m[39m [90m[2m(client)[22m[39m [32mhmr update [39m[2m/resources/css/app.css[22m
[2m5:43:56 am[22m [36m[1m[vite][22m[39m [90m[2m(client)[22m[39m [32mhmr update [39m[2m/resources/css/app.css[22m
[2m5:44:10 am[22m [36m[1m[vite][22m[39m [90m[2m(client)[22m[39m [32mhmr update [39m[2m/resources/css/app.css[22m
[2m5:45:20 am[22m [36m[1m[vite][22m[39m [90m[2m(client)[22m[39m [32mhmr update [39m[2m/resources/css/app.css[22m
[2m5:45:29 am[22m [36m[1m[vite][22m[39m [90m[2m(client)[22m[39m [32mhmr update [39m[2m/resources/css/app.css[22m
[2m5:45:35 am[22m [36m[1m[vite][22m[39m [90m[2m(client)[22m[39m [32mhmr update [39m[2m/resources/css/app.css[22m
[2m5:45:41 am[22m [36m[1m[vite][22m[39m [90m[2m(client)[22m[39m [32mhmr update [39m[2m/resources/css/app.css[22m
[2m5:45:42 am[22m [36m[1m[vite][22m[39m [90m[2m(client)[22m[39m [32mhmr update [39m[2m/resources/css/app.css[22m
[2m6:03:14 am[22m [36m[1m[vite][22m[39m [90m[2m(client)[22m[39m [32mhmr update [39m[2m/resources/css/app.css[22m
[2m6:05:26 am[22m [36m[1m[vite][22m[39m [90m[2m(client)[22m[39m [32mhmr update [39m[2m/resources/css/app.css[22m
[2m6:05:30 am[22m [36m[1m[vite][22m[39m [90m[2m(client)[22m[39m [32mhmr update [39m[2m/resources/css/app.css[22m
[2m6:05:31 am[22m [36m[1m[vite][22m[39m [90m[2m(client)[22m[39m [32mhmr update [39m[2m/resources/css/app.css[22m
[2m6:05:37 am[22m [36m[1m[vite][22m[39m [90m[2m(client)[22m[39m [32mhmr update [39m[2m/resources/css/app.css[22m
[2m6:05:38 am[22m [36m[1m[vite][22m[39m [90m[2m(client)[22m[39m [32mhmr update [39m[2m/resources/css/app.css[22m
[2m6:05:41 am[22m [36m[1m[vite][22m[39m [90m[2m(client)[22m[39m [32mhmr update [39m[2m/resources/css/app.css[22m
[2m6:05:45 am[22m [36m[1m[vite][22m[39m [90m[2m(client)[22m[39m [32mhmr update [39m[2m/resources/css/app.css[22m
[2m6:06:02 am[22m [36m[1m[vite][22m[39m [90m[2m(client)[22m[39m [32mhmr update [39m[2m/resources/css/app.css[22m
[2m6:06:10 am[22m [36m[1m[vite][22m[39m [90m[2m(client)[22m[39m [32mhmr update [39m[2m/resources/css/app.css[22m
[2m6:06:13 am[22m [36m[1m[vite][22m[39m [90m[2m(client)[22m[39m [32mhmr update [39m[2m/resources/css/app.css[22m
[2m6:06:16 am[22m [36m[1m[vite][22m[39m [90m[2m(client)[22m[39m [32mhmr update [39m[2m/resources/css/app.css[22m
[2m6:06:21 am[22m [36m[1m[vite][22m[39m [90m[2m(client)[22m[39m [32mhmr update [39m[2m/resources/css/app.css[22m
[2m6:06:22 am[22m [36m[1m[vite][22m[39m [90m[2m(client)[22m[39m [32mhmr update [39m[2m/resources/css/app.css[22m
[2m6:06:25 am[22m [36m[1m[vite][22m[39m [90m[2m(client)[22m[39m [32mhmr update [39m[2m/resources/css/app.css[22m
[2m6:06:26 am[22m [36m[1m[vite][22m[39m [90m[2m(client)[22m[39m [32mhmr update [39m[2m/resources/css/app.css[22m
[2m6:06:29 am[22m [36m[1m[vite][22m[39m [90m[2m(client)[22m[39m [32mhmr update [39m[2m/resources/css/app.css[22m
[2m6:06:35 am[22m [36m[1m[vite][22m[39m [90m[2m(client)[22m[39m [32mhmr update [39m[2m/resources/css/app.css[22m
[2m6:06:38 am[22m [36m[1m[vite][22m[39m [90m[2m(client)[22m[39m [32mhmr update [39m[2m/resources/css/app.css[22m
[2m6:06:41 am[22m [36m[1m[vite][22m[39m [90m[2m(client)[22m[39m [32mhmr update [39m[2m/resources/css/app.css[22m
[2m6:06:54 am[22m [36m[1m[vite][22m[39m [90m[2m(client)[22m[39m [32mhmr update [39m[2m/resources/css/app.css[22m
[2m6:07:23 am[22m [36m[1m[vite][22m[39m [90m[2m(client)[22m[39m [32mhmr update [39m[2m/resources/css/app.css[22m
[2m6:07:26 am[22m [36m[1m[vite][22m[39m [90m[2m(client)[22m[39m [32mhmr update [39m[2m/resources/css/app.css[22m
[2m6:07:28 am[22m [36m[1m[vite][22m[39m [90m[2m(client)[22m[39m [32mhmr update [39m[2m/resources/css/app.css[22m
[2m6:07:32 am[22m [36m[1m[vite][22m[39m [90m[2m(client)[22m[39m [32mhmr update [39m[2m/resources/css/app.css[22m
[2m6:07:37 am[22m [36m[1m[vite][22m[39m [90m[2m(client)[22m[39m [32mhmr update [39m[2m/resources/css/app.css[22m
[2m6:07:39 am[22m [36m[1m[vite][22m[39m [90m[2m(client)[22m[39m [32mhmr update [39m[2m/resources/css/app.css[22m
[2m6:07:40 am[22m [36m[1m[vite][22m[39m [90m[2m(client)[22m[39m [32mhmr update [39m[2m/resources/css/app.css[22m
[2m6:07:45 am[22m [36m[1m[vite][22m[39m [90m[2m(client)[22m[39m [32mhmr update [39m[2m/resources/css/app.css[22m
[2m6:07:47 am[22m [36m[1m[vite][22m[39m [90m[2m(client)[22m[39m [32mhmr update [39m[2m/resources/css/app.css[22m
[2m6:07:49 am[22m [36m[1m[vite][22m[39m [90m[2m(client)[22m[39m [32mhmr update [39m[2m/resources/css/app.css[22m
[2m6:07:57 am[22m [36m[1m[vite][22m[39m [90m[2m(client)[22m[39m [32mhmr update [39m[2m/resources/css/app.css[22m
[2m6:07:58 am[22m [36m[1m[vite][22m[39m [90m[2m(client)[22m[39m [32mhmr update [39m[2m/resources/css/app.css[22m
[2m6:08:02 am[22m [36m[1m[vite][22m[39m [90m[2m(client)[22m[39m [32mhmr update [39m[2m/resources/css/app.css[22m
[2m6:08:21 am[22m [36m[1m[vite][22m[39m [90m[2m(client)[22m[39m [32mhmr update [39m[2m/resources/css/app.css[22m
[2m6:08:47 am[22m [36m[1m[vite][22m[39m [90m[2m(client)[22m[39m [32mhmr update [39m[2m/resources/css/app.css[22m
[2m6:08:54 am[22m [36m[1m[vite][22m[39m [90m[2m(client)[22m[39m [32mhmr update [39m[2m/resources/css/app.css[22m
[2m6:08:59 am[22m [36m[1m[vite][22m[39m [90m[2m(client)[22m[39m [32mhmr update [39m[2m/resources/css/app.css[22m
[2m6:09:05 am[22m [36m[1m[vite][22m[39m [90m[2m(client)[22m[39m [32mhmr update [39m[2m/resources/css/app.css[22m
[2m6:09:07 am[22m [36m[1m[vite][22m[39m [90m[2m(client)[22m[39m [32mhmr update [39m[2m/resources/css/app.css[22m
[2m6:09:11 am[22m [36m[1m[vite][22m[39m [90m[2m(client)[22m[39m [32mhmr update [39m[2m/resources/css/app.css[22m
[2m6:09:17 am[22m [36m[1m[vite][22m[39m [90m[2m(client)[22m[39m [32mhmr update [39m[2m/resources/css/app.css[22m
[2m6:09:20 am[22m [36m[1m[vite][22m[39m [90m[2m(client)[22m[39m [32mhmr update [39m[2m/resources/css/app.css[22m
[2m6:09:21 am[22m [36m[1m[vite][22m[39m [90m[2m(client)[22m[39m [32mhmr update [39m[2m/resources/css/app.css[22m
[2m6:09:24 am[22m [36m[1m[vite][22m[39m [90m[2m(client)[22m[39m [32mhmr update [39m[2m/resources/css/app.css[22m
[2m6:10:04 am[22m [36m[1m[vite][22m[39m [90m[2m(client)[22m[39m [32mhmr update [39m[2m/resources/css/app.css[22m
[2m6:10:07 am[22m [36m[1m[vite][22m[39m [90m[2m(client)[22m[39m [32mhmr update [39m[2m/resources/css/app.css[22m
[2m6:10:12 am[22m [36m[1m[vite][22m[39m [90m[2m(client)[22m[39m [32mhmr update [39m[2m/resources/css/app.css[22m
[2m6:10:14 am[22m [36m[1m[vite][22m[39m [90m[2m(client)[22m[39m [32mhmr update [39m[2m/resources/css/app.css[22m
[2m6:10:16 am[22m [36m[1m[vite][22m[39m [90m[2m(client)[22m[39m [32mhmr update [39m[2m/resources/css/app.css[22m
[2m6:10:26 am[22m [36m[1m[vite][22m[39m [90m[2m(client)[22m[39m [32mhmr update [39m[2m/resources/css/app.css[22m
[2m6:10:38 am[22m [36m[1m[vite][22m[39m [90m[2m(client)[22m[39m [32mhmr update [39m[2m/resources/css/app.css[22m
[2m6:10:50 am[22m [36m[1m[vite][22m[39m [90m[2m(client)[22m[39m [32mhmr update [39m[2m/resources/css/app.css[22m
[2m6:11:25 am[22m [36m[1m[vite][22m[39m [90m[2m(client)[22m[39m [32mhmr update [39m[2m/resources/css/app.css[22m
[2m6:11:26 am[22m [36m[1m[vite][22m[39m [90m[2m(client)[22m[39m [32mhmr update [39m[2m/resources/css/app.css[22m
[2m6:11:31 am[22m [36m[1m[vite][22m[39m [90m[2m(client)[22m[39m [32mhmr update [39m[2m/resources/css/app.css[22m
[2m6:11:41 am[22m [36m[1m[vite][22m[39m [90m[2m(client)[22m[39m [32mhmr update [39m[2m/resources/css/app.css[22m
[2m6:11:52 am[22m [36m[1m[vite][22m[39m [90m[2m(client)[22m[39m [32mhmr update [39m[2m/resources/css/app.css[22m
[2m6:11:58 am[22m [36m[1m[vite][22m[39m [90m[2m(client)[22m[39m [32mhmr update [39m[2m/resources/css/app.css[22m
[2m6:12:16 am[22m [36m[1m[vite][22m[39m [90m[2m(client)[22m[39m [32mhmr update [39m[2m/resources/css/app.css[22m
[2m6:12:28 am[22m [36m[1m[vite][22m[39m [90m[2m(client)[22m[39m [32mhmr update [39m[2m/resources/css/app.css[22m
[2m6:12:34 am[22m [36m[1m[vite][22m[39m [90m[2m(client)[22m[39m [32mhmr update [39m[2m/resources/css/app.css[22m
[2m6:13:16 am[22m [36m[1m[vite][22m[39m [90m[2m(client)[22m[39m [32mhmr update [39m[2m/resources/css/app.css[22m
[2m6:13:25 am[22m [36m[1m[vite][22m[39m [90m[2m(client)[22m[39m [32mhmr update [39m[2m/resources/css/app.css[22m
[2m6:13:41 am[22m [36m[1m[vite][22m[39m [90m[2m(client)[22m[39m [32mhmr update [39m[2m/resources/css/app.css[22m
[2m6:15:07 am[22m [36m[1m[vite][22m[39m [90m[2m(client)[22m[39m [32mhmr update [39m[2m/resources/css/app.css[22m
[2m6:15:09 am[22m [36m[1m[vite][22m[39m [90m[2m(client)[22m[39m [32mhmr update [39m[2m/resources/css/app.css[22m
[2m6:15:12 am[22m [36m[1m[vite][22m[39m [90m[2m(client)[22m[39m [32mhmr update [39m[2m/resources/css/app.css[22m
[2m6:15:25 am[22m [36m[1m[vite][22m[39m [90m[2m(client)[22m[39m [32mhmr update [39m[2m/resources/css/app.css[22m
[2m6:15:30 am[22m [36m[1m[vite][22m[39m [90m[2m(client)[22m[39m [32mhmr update [39m[2m/resources/css/app.css[22m
[2m6:15:34 am[22m [36m[1m[vite][22m[39m [90m[2m(client)[22m[39m [32mhmr update [39m[2m/resources/css/app.css[22m
[2m6:15:35 am[22m [36m[1m[vite][22m[39m [90m[2m(client)[22m[39m [32mhmr update [39m[2m/resources/css/app.css[22m
[2m6:15:46 am[22m [36m[1m[vite][22m[39m [90m[2m(client)[22m[39m [32mhmr update [39m[2m/resources/css/app.css[22m
[2m6:15:49 am[22m [36m[1m[vite][22m[39m [90m[2m(client)[22m[39m [32mhmr update [39m[2m/resources/css/app.css[22m
[2m7:04:35 am[22m [36m[1m[vite][22m[39m [90m[2m(client)[22m[39m [32mhmr update [39m[2m/resources/css/app.css[22m
[2m7:26:53 am[22m [36m[1m[vite][22m[39m [90m[2m(client)[22m[39m [32mhmr update [39m[2m/resources/css/app.css[22m
